Lexical Error: incomplete multiple-line comment possibly missing "*/". Starting at line 1.
